[     456ms] [WARNING] toolbarview-item-unavailable {item: underline} 
Read more: https://ckeditor.com/docs/ckeditor5/latest/support/error-codes.html#error-toolbarview-item-unavailable @ https://cdn.ckeditor.com/ckeditor5/41.4.2/classic/ckeditor.js:5
[     456ms] [WARNING] toolbarview-item-unavailable {item: sourceEditing} 
Read more: https://ckeditor.com/docs/ckeditor5/latest/support/error-codes.html#error-toolbarview-item-unavailable @ https://cdn.ckeditor.com/ckeditor5/41.4.2/classic/ckeditor.js:5
[     522ms] [WARNING] Alpine Warning: You can't use [x-collapse] without first installing the "Collapse" plugin here: https://alpinejs.dev/plugins/collapse JSHandle@node @ http://[::1]:5173/node_modules/.vite/deps/alpinejs.js?v=db063e36:801
[  178540ms] [WARNING] toolbarview-item-unavailable {item: underline} 
Read more: https://ckeditor.com/docs/ckeditor5/latest/support/error-codes.html#error-toolbarview-item-unavailable @ https://cdn.ckeditor.com/ckeditor5/41.4.2/classic/ckeditor.js:5
[  178540ms] [WARNING] toolbarview-item-unavailable {item: sourceEditing} 
Read more: https://ckeditor.com/docs/ckeditor5/latest/support/error-codes.html#error-toolbarview-item-unavailable @ https://cdn.ckeditor.com/ckeditor5/41.4.2/classic/ckeditor.js:5
[  178612ms] [WARNING] Alpine Warning: You can't use [x-collapse] without first installing the "Collapse" plugin here: https://alpinejs.dev/plugins/collapse JSHandle@node @ http://[::1]:5173/node_modules/.vite/deps/alpinejs.js?v=db063e36:801
[  179806ms] [WARNING] toolbarview-item-unavailable {item: underline} 
Read more: https://ckeditor.com/docs/ckeditor5/latest/support/error-codes.html#error-toolbarview-item-unavailable @ https://cdn.ckeditor.com/ckeditor5/41.4.2/classic/ckeditor.js:5
[  179806ms] [WARNING] toolbarview-item-unavailable {item: sourceEditing} 
Read more: https://ckeditor.com/docs/ckeditor5/latest/support/error-codes.html#error-toolbarview-item-unavailable @ https://cdn.ckeditor.com/ckeditor5/41.4.2/classic/ckeditor.js:5
[  179870ms] [WARNING] Alpine Warning: You can't use [x-collapse] without first installing the "Collapse" plugin here: https://alpinejs.dev/plugins/collapse JSHandle@node @ http://[::1]:5173/node_modules/.vite/deps/alpinejs.js?v=db063e36:801
[  182380ms] [WARNING] toolbarview-item-unavailable {item: underline} 
Read more: https://ckeditor.com/docs/ckeditor5/latest/support/error-codes.html#error-toolbarview-item-unavailable @ https://cdn.ckeditor.com/ckeditor5/41.4.2/classic/ckeditor.js:5
[  182380ms] [WARNING] toolbarview-item-unavailable {item: sourceEditing} 
Read more: https://ckeditor.com/docs/ckeditor5/latest/support/error-codes.html#error-toolbarview-item-unavailable @ https://cdn.ckeditor.com/ckeditor5/41.4.2/classic/ckeditor.js:5
[  182450ms] [WARNING] Alpine Warning: You can't use [x-collapse] without first installing the "Collapse" plugin here: https://alpinejs.dev/plugins/collapse JSHandle@node @ http://[::1]:5173/node_modules/.vite/deps/alpinejs.js?v=db063e36:801
[  187773ms] [WARNING] toolbarview-item-unavailable {item: underline} 
Read more: https://ckeditor.com/docs/ckeditor5/latest/support/error-codes.html#error-toolbarview-item-unavailable @ https://cdn.ckeditor.com/ckeditor5/41.4.2/classic/ckeditor.js:5
[  187773ms] [WARNING] toolbarview-item-unavailable {item: sourceEditing} 
Read more: https://ckeditor.com/docs/ckeditor5/latest/support/error-codes.html#error-toolbarview-item-unavailable @ https://cdn.ckeditor.com/ckeditor5/41.4.2/classic/ckeditor.js:5
[  187833ms] [WARNING] Alpine Warning: You can't use [x-collapse] without first installing the "Collapse" plugin here: https://alpinejs.dev/plugins/collapse JSHandle@node @ http://[::1]:5173/node_modules/.vite/deps/alpinejs.js?v=db063e36:801
[  209706ms] [WARNING] toolbarview-item-unavailable {item: underline} 
Read more: https://ckeditor.com/docs/ckeditor5/latest/support/error-codes.html#error-toolbarview-item-unavailable @ https://cdn.ckeditor.com/ckeditor5/41.4.2/classic/ckeditor.js:5
[  209706ms] [WARNING] toolbarview-item-unavailable {item: sourceEditing} 
Read more: https://ckeditor.com/docs/ckeditor5/latest/support/error-codes.html#error-toolbarview-item-unavailable @ https://cdn.ckeditor.com/ckeditor5/41.4.2/classic/ckeditor.js:5
[  209774ms] [WARNING] Alpine Warning: You can't use [x-collapse] without first installing the "Collapse" plugin here: https://alpinejs.dev/plugins/collapse JSHandle@node @ http://[::1]:5173/node_modules/.vite/deps/alpinejs.js?v=db063e36:801
[  353474ms] [WARNING] toolbarview-item-unavailable {item: underline} 
Read more: https://ckeditor.com/docs/ckeditor5/latest/support/error-codes.html#error-toolbarview-item-unavailable @ https://cdn.ckeditor.com/ckeditor5/41.4.2/classic/ckeditor.js:5
[  353475ms] [WARNING] toolbarview-item-unavailable {item: sourceEditing} 
Read more: https://ckeditor.com/docs/ckeditor5/latest/support/error-codes.html#error-toolbarview-item-unavailable @ https://cdn.ckeditor.com/ckeditor5/41.4.2/classic/ckeditor.js:5
[  353546ms] [WARNING] Alpine Warning: You can't use [x-collapse] without first installing the "Collapse" plugin here: https://alpinejs.dev/plugins/collapse JSHandle@node @ http://[::1]:5173/node_modules/.vite/deps/alpinejs.js?v=db063e36:801
[  461267ms] [WARNING] toolbarview-item-unavailable {item: underline} 
Read more: https://ckeditor.com/docs/ckeditor5/latest/support/error-codes.html#error-toolbarview-item-unavailable @ https://cdn.ckeditor.com/ckeditor5/41.4.2/classic/ckeditor.js:5
[  461267ms] [WARNING] toolbarview-item-unavailable {item: sourceEditing} 
Read more: https://ckeditor.com/docs/ckeditor5/latest/support/error-codes.html#error-toolbarview-item-unavailable @ https://cdn.ckeditor.com/ckeditor5/41.4.2/classic/ckeditor.js:5
[  461324ms] [WARNING] Alpine Warning: You can't use [x-collapse] without first installing the "Collapse" plugin here: https://alpinejs.dev/plugins/collapse JSHandle@node @ http://[::1]:5173/node_modules/.vite/deps/alpinejs.js?v=db063e36:801
